c:\users\91044\desktop\hkk\b\grid_trading_emulation\hkk\x64\debug\vc143.pdb
c:\users\91044\desktop\hkk\b\grid_trading_emulation\hkk\x64\debug\vc143.idb
c:\users\91044\desktop\hkk\b\grid_trading_emulation\hkk\x64\debug\main.obj
c:\users\91044\desktop\hkk\b\grid_trading_emulation\hkk\x64\debug\gridcalculating.obj
c:\users\91044\desktop\hkk\b\grid_trading_emulation\hkk\x64\debug\buyandsell.obj
c:\users\91044\desktop\hkk\b\grid_trading_emulation\x64\debug\hkk.pdb
c:\users\91044\desktop\hkk\b\grid_trading_emulation\hkk\x64\debug\hkk.tlog\cl.command.1.tlog
c:\users\91044\desktop\hkk\b\grid_trading_emulation\hkk\x64\debug\hkk.tlog\cl.read.1.tlog
c:\users\91044\desktop\hkk\b\grid_trading_emulation\hkk\x64\debug\hkk.tlog\cl.write.1.tlog
c:\users\91044\desktop\hkk\b\grid_trading_emulation\hkk\x64\debug\hkk.tlog\link-cvtres.read.1.tlog
c:\users\91044\desktop\hkk\b\grid_trading_emulation\hkk\x64\debug\hkk.tlog\link-cvtres.write.1.tlog
c:\users\91044\desktop\hkk\b\grid_trading_emulation\hkk\x64\debug\hkk.tlog\link-rc.read.1.tlog
c:\users\91044\desktop\hkk\b\grid_trading_emulation\hkk\x64\debug\hkk.tlog\link-rc.write.1.tlog
c:\users\91044\desktop\hkk\b\grid_trading_emulation\hkk\x64\debug\hkk.tlog\link.command.1.tlog
c:\users\91044\desktop\hkk\b\grid_trading_emulation\hkk\x64\debug\hkk.tlog\link.read.1.tlog
c:\users\91044\desktop\hkk\b\grid_trading_emulation\hkk\x64\debug\hkk.tlog\link.read.2.tlog
c:\users\91044\desktop\hkk\b\grid_trading_emulation\hkk\x64\debug\hkk.tlog\link.read.3.tlog
c:\users\91044\desktop\hkk\b\grid_trading_emulation\hkk\x64\debug\hkk.tlog\link.read.4.tlog
c:\users\91044\desktop\hkk\b\grid_trading_emulation\hkk\x64\debug\hkk.tlog\link.read.5.tlog
c:\users\91044\desktop\hkk\b\grid_trading_emulation\hkk\x64\debug\hkk.tlog\link.write.1.tlog
